// Jest Snapshot v1, https://goo.gl/fbAQLP

exports[`Box does not render if unknown boxId - box number too high 1`] = `<div />`;

exports[`Box does not render if unknown boxId 1`] = `<div />`;

exports[`Box does not render if unknown boxTemplateId 1`] = `<div />`;

exports[`Box renders correctly 1`] = `
<div>
  <div
    class="box-details"
  >
    <header>
      <h1>
        Trauma Chest Drain - Box 3
      </h1>
      <button
        aria-label="Back"
        class="back"
        type="button"
      >
        <svg>
          arrow-left.svg
        </svg>
      </button>
      <button
        class="full"
        type="button"
      >
        FULL
      </button>
    </header>
    <main>
      <div
        class="scroll"
      >
        <div
          class="item"
        >
          <div
            class="display-name"
          >
            Blunt dissection chest drainage insertion pack (28Fg)
          </div>
          <div
            class="controls"
          >
            <button
              aria-label="item information"
              class="item-info"
              type="button"
            >
              <svg>
                info-circle.svg
              </svg>
            </button>
            <div
              class="quantity"
            >
              <span
                class="actual-quantity-bad"
              >
                0
              </span>
              <span>
                 / 
              </span>
              <span
                class="expected-quantity"
              >
                1
              </span>
            </div>
            <button
              aria-label="remove item"
              class="change-quantity"
              disabled=""
              type="button"
            >
              <svg>
                minus.svg
              </svg>
            </button>
            <button
              aria-label="add item"
              class="change-quantity"
              type="button"
            >
              <svg>
                add.svg
              </svg>
            </button>
          </div>
        </div>
        <div
          class="item"
        >
          <div
            class="display-name"
          >
            Sterile gloves (Small)
          </div>
          <div
            class="controls"
          >
            <button
              aria-label="item information"
              class="item-info"
              type="button"
            >
              <svg>
                info-circle.svg
              </svg>
            </button>
            <div
              class="quantity"
            >
              <span
                class="actual-quantity-bad"
              >
                0
              </span>
              <span>
                 / 
              </span>
              <span
                class="expected-quantity"
              >
                1
              </span>
            </div>
            <button
              aria-label="remove item"
              class="change-quantity"
              disabled=""
              type="button"
            >
              <svg>
                minus.svg
              </svg>
            </button>
            <button
              aria-label="add item"
              class="change-quantity"
              type="button"
            >
              <svg>
                add.svg
              </svg>
            </button>
          </div>
        </div>
        <div
          class="item"
        >
          <div
            class="display-name"
          >
            Sterile gloves (Medium)
          </div>
          <div
            class="controls"
          >
            <button
              aria-label="item information"
              class="item-info"
              type="button"
            >
              <svg>
                info-circle.svg
              </svg>
            </button>
            <div
              class="quantity"
            >
              <span
                class="actual-quantity-bad"
              >
                0
              </span>
              <span>
                 / 
              </span>
              <span
                class="expected-quantity"
              >
                1
              </span>
            </div>
            <button
              aria-label="remove item"
              class="change-quantity"
              disabled=""
              type="button"
            >
              <svg>
                minus.svg
              </svg>
            </button>
            <button
              aria-label="add item"
              class="change-quantity"
              type="button"
            >
              <svg>
                add.svg
              </svg>
            </button>
          </div>
        </div>
        <div
          class="item"
        >
          <div
            class="display-name"
          >
            Sterile gloves (Large)
          </div>
          <div
            class="controls"
          >
            <button
              aria-label="item information"
              class="item-info"
              type="button"
            >
              <svg>
                info-circle.svg
              </svg>
            </button>
            <div
              class="quantity"
            >
              <span
                class="actual-quantity-bad"
              >
                0
              </span>
              <span>
                 / 
              </span>
              <span
                class="expected-quantity"
              >
                1
              </span>
            </div>
            <button
              aria-label="remove item"
              class="change-quantity"
              disabled=""
              type="button"
            >
              <svg>
                minus.svg
              </svg>
            </button>
            <button
              aria-label="add item"
              class="change-quantity"
              type="button"
            >
              <svg>
                add.svg
              </svg>
            </button>
          </div>
        </div>
        <div
          class="item"
        >
          <div
            class="display-name"
          >
            Chest drain catheter (28Fr)
          </div>
          <div
            class="controls"
          >
            <button
              aria-label="item information"
              class="item-info"
              type="button"
            >
              <svg>
                info-circle.svg
              </svg>
            </button>
            <div
              class="quantity"
            >
              <span
                class="actual-quantity-bad"
              >
                0
              </span>
              <span>
                 / 
              </span>
              <span
                class="expected-quantity"
              >
                1
              </span>
            </div>
            <button
              aria-label="remove item"
              class="change-quantity"
              disabled=""
              type="button"
            >
              <svg>
                minus.svg
              </svg>
            </button>
            <button
              aria-label="add item"
              class="change-quantity"
              type="button"
            >
              <svg>
                add.svg
              </svg>
            </button>
          </div>
        </div>
        <div
          class="item"
        >
          <div
            class="display-name"
          >
            Chest drain catheter (32Fr)
          </div>
          <div
            class="controls"
          >
            <button
              aria-label="item information"
              class="item-info"
              type="button"
            >
              <svg>
                info-circle.svg
              </svg>
            </button>
            <div
              class="quantity"
            >
              <span
                class="actual-quantity-bad"
              >
                0
              </span>
              <span>
                 / 
              </span>
              <span
                class="expected-quantity"
              >
                1
              </span>
            </div>
            <button
              aria-label="remove item"
              class="change-quantity"
              disabled=""
              type="button"
            >
              <svg>
                minus.svg
              </svg>
            </button>
            <button
              aria-label="add item"
              class="change-quantity"
              type="button"
            >
              <svg>
                add.svg
              </svg>
            </button>
          </div>
        </div>
        <div
          class="item"
        >
          <div
            class="display-name"
          >
            Chest drain catheter (36Fr)
          </div>
          <div
            class="controls"
          >
            <button
              aria-label="item information"
              class="item-info"
              type="button"
            >
              <svg>
                info-circle.svg
              </svg>
            </button>
            <div
              class="quantity"
            >
              <span
                class="actual-quantity-bad"
              >
                0
              </span>
              <span>
                 / 
              </span>
              <span
                class="expected-quantity"
              >
                1
              </span>
            </div>
            <button
              aria-label="remove item"
              class="change-quantity"
              disabled=""
              type="button"
            >
              <svg>
                minus.svg
              </svg>
            </button>
            <button
              aria-label="add item"
              class="change-quantity"
              type="button"
            >
              <svg>
                add.svg
              </svg>
            </button>
          </div>
        </div>
        <div
          class="item"
        >
          <div
            class="display-name"
          >
            ChloraPrep applicator
          </div>
          <div
            class="controls"
          >
            <button
              aria-label="item information"
              class="item-info"
              type="button"
            >
              <svg>
                info-circle.svg
              </svg>
            </button>
            <div
              class="quantity"
            >
              <span
                class="actual-quantity-bad"
              >
                0
              </span>
              <span>
                 / 
              </span>
              <span
                class="expected-quantity"
              >
                2
              </span>
            </div>
            <button
              aria-label="remove item"
              class="change-quantity"
              disabled=""
              type="button"
            >
              <svg>
                minus.svg
              </svg>
            </button>
            <button
              aria-label="add item"
              class="change-quantity"
              type="button"
            >
              <svg>
                add.svg
              </svg>
            </button>
          </div>
        </div>
        <div
          class="item"
        >
          <div
            class="display-name"
          >
            Lidocaine 1% (5ml / 50mg)
          </div>
          <div
            class="controls"
          >
            <button
              aria-label="item information"
              class="item-info"
              type="button"
            >
              <svg>
                info-circle.svg
              </svg>
            </button>
            <div
              class="quantity"
            >
              <span
                class="actual-quantity-bad"
              >
                0
              </span>
              <span>
                 / 
              </span>
              <span
                class="expected-quantity"
              >
                2
              </span>
            </div>
            <button
              aria-label="remove item"
              class="change-quantity"
              disabled=""
              type="button"
            >
              <svg>
                minus.svg
              </svg>
            </button>
            <button
              aria-label="add item"
              class="change-quantity"
              type="button"
            >
              <svg>
                add.svg
              </svg>
            </button>
          </div>
        </div>
        <div
          class="item"
        >
          <div
            class="display-name"
          >
            Standard suture pack (Standard)
          </div>
          <div
            class="controls"
          >
            <button
              aria-label="item information"
              class="item-info"
              type="button"
            >
              <svg>
                info-circle.svg
              </svg>
            </button>
            <div
              class="quantity"
            >
              <span
                class="actual-quantity-bad"
              >
                0
              </span>
              <span>
                 / 
              </span>
              <span
                class="expected-quantity"
              >
                1
              </span>
            </div>
            <button
              aria-label="remove item"
              class="change-quantity"
              disabled=""
              type="button"
            >
              <svg>
                minus.svg
              </svg>
            </button>
            <button
              aria-label="add item"
              class="change-quantity"
              type="button"
            >
              <svg>
                add.svg
              </svg>
            </button>
          </div>
        </div>
        <div
          class="item"
        >
          <div
            class="display-name"
          >
            Mefix roll (5cm x 10m)
          </div>
          <div
            class="controls"
          >
            <button
              aria-label="item information"
              class="item-info"
              type="button"
            >
              <svg>
                info-circle.svg
              </svg>
            </button>
            <div
              class="quantity"
            >
              <span
                class="actual-quantity-bad"
              >
                0
              </span>
              <span>
                 / 
              </span>
              <span
                class="expected-quantity"
              >
                1
              </span>
            </div>
            <button
              aria-label="remove item"
              class="change-quantity"
              disabled=""
              type="button"
            >
              <svg>
                minus.svg
              </svg>
            </button>
            <button
              aria-label="add item"
              class="change-quantity"
              type="button"
            >
              <svg>
                add.svg
              </svg>
            </button>
          </div>
        </div>
        <div
          class="item"
        >
          <div
            class="display-name"
          >
            Chest drain bottle
          </div>
          <div
            class="controls"
          >
            <button
              aria-label="item information"
              class="item-info"
              type="button"
            >
              <svg>
                info-circle.svg
              </svg>
            </button>
            <div
              class="quantity"
            >
              <span
                class="actual-quantity-bad"
              >
                0
              </span>
              <span>
                 / 
              </span>
              <span
                class="expected-quantity"
              >
                1
              </span>
            </div>
            <button
              aria-label="remove item"
              class="change-quantity"
              disabled=""
              type="button"
            >
              <svg>
                minus.svg
              </svg>
            </button>
            <button
              aria-label="add item"
              class="change-quantity"
              type="button"
            >
              <svg>
                add.svg
              </svg>
            </button>
          </div>
        </div>
        <div
          class="item"
        >
          <div
            class="display-name"
          >
            Chest drain tubing
          </div>
          <div
            class="controls"
          >
            <button
              aria-label="item information"
              class="item-info"
              type="button"
            >
              <svg>
                info-circle.svg
              </svg>
            </button>
            <div
              class="quantity"
            >
              <span
                class="actual-quantity-bad"
              >
                0
              </span>
              <span>
                 / 
              </span>
              <span
                class="expected-quantity"
              >
                1
              </span>
            </div>
            <button
              aria-label="remove item"
              class="change-quantity"
              disabled=""
              type="button"
            >
              <svg>
                minus.svg
              </svg>
            </button>
            <button
              aria-label="add item"
              class="change-quantity"
              type="button"
            >
              <svg>
                add.svg
              </svg>
            </button>
          </div>
        </div>
        <div
          class="item"
        >
          <div
            class="display-name"
          >
            Sterile water (H20) bottle (1000ml bottle)
          </div>
          <div
            class="controls"
          >
            <button
              aria-label="item information"
              class="item-info"
              type="button"
            >
              <svg>
                info-circle.svg
              </svg>
            </button>
            <div
              class="quantity"
            >
              <span
                class="actual-quantity-bad"
              >
                0
              </span>
              <span>
                 / 
              </span>
              <span
                class="expected-quantity"
              >
                1
              </span>
            </div>
            <button
              aria-label="remove item"
              class="change-quantity"
              disabled=""
              type="button"
            >
              <svg>
                minus.svg
              </svg>
            </button>
            <button
              aria-label="add item"
              class="change-quantity"
              type="button"
            >
              <svg>
                add.svg
              </svg>
            </button>
          </div>
        </div>
        <div
          class="item"
        >
          <div
            class="display-name"
          >
            Spencer wells forceps (Straight 20cm)
          </div>
          <div
            class="controls"
          >
            <button
              aria-label="item information"
              class="item-info"
              type="button"
            >
              <svg>
                info-circle.svg
              </svg>
            </button>
            <div
              class="quantity"
            >
              <span
                class="actual-quantity-bad"
              >
                0
              </span>
              <span>
                 / 
              </span>
              <span
                class="expected-quantity"
              >
                1
              </span>
            </div>
            <button
              aria-label="remove item"
              class="change-quantity"
              disabled=""
              type="button"
            >
              <svg>
                minus.svg
              </svg>
            </button>
            <button
              aria-label="add item"
              class="change-quantity"
              type="button"
            >
              <svg>
                add.svg
              </svg>
            </button>
          </div>
        </div>
      </div>
    </main>
    <footer>
      <button
        class="save"
        type="button"
      >
        Save
      </button>
    </footer>
  </div>
</div>
`;
