// Jest Snapshot v1, https://goo.gl/fbAQLP

exports[`Directory renders correctly 1`] = `
<div>
  <div
    class="directory"
  >
    <header>
      <h1>
        Directory
      </h1>
    </header>
    <main>
      <div
        class="scroll"
      >
        <div
          class="single-storage-area"
        >
          <svg>
            edit.svg
          </svg>
          <div
            class="display-name"
          >
            Trauma Tower
          </div>
        </div>
        <div
          class="single-storage-area"
        >
          <svg>
            edit.svg
          </svg>
          <div
            class="display-name"
          >
            Airway Trolley 1
          </div>
        </div>
        <div
          class="single-storage-area"
        >
          <svg>
            edit.svg
          </svg>
          <div
            class="display-name"
          >
            Airway Trolley 2
          </div>
        </div>
        <div
          class="single-storage-area"
        >
          <svg>
            edit.svg
          </svg>
          <div
            class="display-name"
          >
            Airway Trolley 3
          </div>
        </div>
        <div
          class="single-storage-area"
        >
          <svg>
            edit.svg
          </svg>
          <div
            class="display-name"
          >
            Airway Trolley 4
          </div>
        </div>
        <div
          class="single-storage-area"
        >
          <svg>
            edit.svg
          </svg>
          <div
            class="display-name"
          >
            Transfer Bag 1
          </div>
        </div>
        <div
          class="single-storage-area"
        >
          <svg>
            edit.svg
          </svg>
          <div
            class="display-name"
          >
            Transfer Bag 2
          </div>
        </div>
        <div
          class="single-storage-area"
        >
          <svg>
            edit.svg
          </svg>
          <div
            class="display-name"
          >
            Transfer Bag 3
          </div>
        </div>
        <div
          class="single-storage-area"
        >
          <svg>
            edit.svg
          </svg>
          <div
            class="display-name"
          >
            Transfer Bag 4
          </div>
        </div>
        <div
          class="single-storage-area"
        >
          <svg>
            edit.svg
          </svg>
          <div
            class="display-name"
          >
            Transfer Bag 5
          </div>
        </div>
        <div
          class="single-storage-area"
        >
          <svg>
            edit.svg
          </svg>
          <div
            class="display-name"
          >
            Transfer Bag 6
          </div>
        </div>
        <div
          class="single-storage-area"
        >
          <svg>
            edit.svg
          </svg>
          <div
            class="display-name"
          >
            Other Procedures
          </div>
        </div>
      </div>
    </main>
    <footer>
      <nav>
        <a
          aria-current="page"
          aria-label="directory"
          class="navicon active"
          href="/"
        >
          <svg>
            home.svg
          </svg>
          <div>
            Directory
          </div>
        </a>
        <a
          aria-label="missing-items"
          class="navicon"
          href="/missing-items"
        >
          <svg>
            checklist.svg
          </svg>
          <div>
            Missing Items
          </div>
        </a>
        <div
          aria-label="log out"
          class="navicon"
          id="auth-signout"
        >
          <svg>
            logout.svg
          </svg>
          <div>
            Log Out
          </div>
        </div>
      </nav>
    </footer>
  </div>
</div>
`;
