// Jest Snapshot v1, https://goo.gl/fbAQLP

exports[`Directory renders correctly 1`] = `
<div>
  <div
    class="directory"
  >
    <header>
      <h1>
        Directory
      </h1>
    </header>
    <main>
      <div
        class="scroll"
      >
        <div
          class="single-storage-area"
        >
          <svg>
            edit.svg
          </svg>
          <div
            class="display-name"
          >
            Trauma Tower 1
          </div>
        </div>
        <div
          class="single-storage-area"
        >
          <svg>
            edit.svg
          </svg>
          <div
            class="display-name"
          >
            Trauma Tower 2
          </div>
        </div>
        <div
          class="single-storage-area"
        >
          <svg>
            edit.svg
          </svg>
          <div
            class="display-name"
          >
            Backup Area
          </div>
        </div>
      </div>
    </main>
    <footer>
      <nav>
        <a
          aria-current="page"
          aria-label="directory"
          class="navicon active"
          href="/"
        >
          <svg>
            home.svg
          </svg>
          <div>
            Directory
          </div>
        </a>
        <a
          aria-label="summary"
          class="navicon"
          href="/summary"
        >
          <svg>
            checklist.svg
          </svg>
          <div>
            Summary
          </div>
        </a>
        <div
          aria-label="log out"
          class="navicon"
          id="auth-signout"
        >
          <svg>
            logout.svg
          </svg>
          <div>
            Log Out
          </div>
        </div>
      </nav>
    </footer>
  </div>
</div>
`;
