// Jest Snapshot v1, https://goo.gl/fbAQLP

exports[`Directory renders correctly 1`] = `
<div>
  <div
    class="directory"
  >
    <header>
      <h1>
        Trauma Tower
      </h1>
    </header>
    <main>
      <div
        class="scroll"
      >
        <div
          class="box"
        >
          <svg>
            edit.svg
          </svg>
          <div
            class="display-name"
          >
            Trauma Chest Drain - Box 1
          </div>
        </div>
        <div
          class="box"
        >
          <svg>
            edit.svg
          </svg>
          <div
            class="display-name"
          >
            Trauma Chest Drain - Box 2
          </div>
        </div>
        <div
          class="box"
        >
          <svg>
            edit.svg
          </svg>
          <div
            class="display-name"
          >
            Trauma Chest Drain - Box 3
          </div>
        </div>
        <div
          class="box"
        >
          <svg>
            edit.svg
          </svg>
          <div
            class="display-name"
          >
            Trauma Chest Drain - Box 4
          </div>
        </div>
        <div
          class="box"
        >
          <svg>
            edit.svg
          </svg>
          <div
            class="display-name"
          >
            Trauma Chest Drain - Box 5
          </div>
        </div>
        <div
          class="box"
        >
          <svg>
            edit.svg
          </svg>
          <div
            class="display-name"
          >
            Trauma Chest Drain - Box 6
          </div>
        </div>
        <div
          class="box"
        >
          <svg>
            edit.svg
          </svg>
          <div
            class="display-name"
          >
            Catastrophic Haemorrhage - Box 1
          </div>
        </div>
        <div
          class="box"
        >
          <svg>
            edit.svg
          </svg>
          <div
            class="display-name"
          >
            Catastrophic Haemorrhage - Box 2
          </div>
        </div>
        <div
          class="box"
        >
          <svg>
            edit.svg
          </svg>
          <div
            class="display-name"
          >
            Catastrophic Haemorrhage - Box 3
          </div>
        </div>
        <div
          class="box"
        >
          <svg>
            edit.svg
          </svg>
          <div
            class="display-name"
          >
            Max Fax Haemorrhage - Box 1
          </div>
        </div>
        <div
          class="box"
        >
          <svg>
            edit.svg
          </svg>
          <div
            class="display-name"
          >
            Max Fax Haemorrhage - Box 2
          </div>
        </div>
        <div
          class="box"
        >
          <svg>
            edit.svg
          </svg>
          <div
            class="display-name"
          >
            Max Fax Haemorrhage - Box 3
          </div>
        </div>
      </div>
    </main>
    <footer>
      <nav>
        <a
          aria-current="page"
          aria-label="directory"
          class="navicon active"
          href="/"
        >
          <svg>
            home.svg
          </svg>
          <div>
            Directory
          </div>
        </a>
        <a
          aria-label="directory 2"
          class="navicon"
          href="/directory2"
        >
          <svg>
            home.svg
          </svg>
          <div>
            Directory 2
          </div>
        </a>
        <a
          aria-label="summary"
          class="navicon"
          href="/summary"
        >
          <svg>
            checklist.svg
          </svg>
          <div>
            Summary
          </div>
        </a>
        <div
          aria-label="log out"
          class="navicon"
          id="auth-signout"
        >
          <svg>
            logout.svg
          </svg>
          <div>
            Log Out
          </div>
        </div>
      </nav>
    </footer>
  </div>
</div>
`;
