// Jest Snapshot v1, https://goo.gl/fbAQLP

exports[`MissingItems rendered a missing-items list page for partially filled store - ie some items shown 1`] = `
<div>
  <div
    class="missing-items-list"
  >
    <header>
      <h1>
        Missing Items
      </h1>
    </header>
    <main>
      <div
        class="scroll"
      >
        <div
          class="container"
        >
          <div>
            <h2>
              Trauma Tower
              <br />
              Trauma Chest Drain - Box 2
            </h2>
            <div
              class="location"
            >
              Location: 
              Resus 1b
            </div>
            <div
              class="checker"
            >
              Checked: Thu 23/6/2022 10:18 by Bob
            </div>
          </div>
          <div
            class="items"
          >
            <div
              class="item"
            >
              1 x Sterile gloves (Medium) - Resus store XX
            </div>
            <div
              class="item"
            >
              1 x ChloraPrep applicator - Resus store XX
            </div>
            <div
              class="item"
            >
              2 x Lidocaine 1% (5ml / 50mg) - Resus store XX
            </div>
            <div
              class="item"
            >
              1 x Chest drain bottle - Resus store XX
            </div>
          </div>
        </div>
        <div
          class="container"
        >
          <div>
            <h2>
              Airway Trolley 2
              <br />
              Drawer C – Oxygenate by Any Means
            </h2>
            <div
              class="checker"
            >
              Checked: Thu 23/6/2022 10:18 by Joe
            </div>
          </div>
          <div
            class="items"
          >
            <div
              class="item"
            >
              1 x Guedel airway - Red
            </div>
            <div
              class="item"
            >
              1 x Nasopharyngeal Airway (7.0)
            </div>
          </div>
        </div>
      </div>
    </main>
    <footer>
      <nav>
        <a
          aria-label="directory"
          class="navicon"
          href="/"
        >
          <svg>
            home.svg
          </svg>
          <div>
            Directory
          </div>
        </a>
        <a
          aria-current="page"
          aria-label="missing-items"
          class="navicon active"
          href="/missing-items"
        >
          <svg>
            checklist.svg
          </svg>
          <div>
            Missing Items
          </div>
        </a>
        <div
          aria-label="log out"
          class="navicon"
          id="auth-signout"
        >
          <svg>
            logout.svg
          </svg>
          <div>
            Log Out
          </div>
        </div>
      </nav>
    </footer>
  </div>
</div>
`;
