// Jest Snapshot v1, https://goo.gl/fbAQLP

exports[`Navbar renders for directory 1`] = `
<div>
  <nav>
    <a
      aria-current="page"
      aria-label="directory"
      class="navicon active"
      href="/"
    >
      <svg>
        home.svg
      </svg>
      <div>
        Directory
      </div>
    </a>
    <a
      aria-label="summary"
      class="navicon"
      href="/summary"
    >
      <svg>
        checklist.svg
      </svg>
      <div>
        Summary
      </div>
    </a>
    <div
      aria-label="log out"
      class="navicon"
      id="auth-signout"
    >
      <svg>
        logout.svg
      </svg>
      <div>
        Log Out
      </div>
    </div>
  </nav>
</div>
`;
