// Jest Snapshot v1, https://goo.gl/fbAQLP

exports[`ShoppingList renders correctly 1`] = `
<div>
  <div
    class="shopping-list"
  >
    <header>
      <button
        aria-label="Back"
        class="back"
        type="button"
      >
        <svg>
          arrow-left.svg
        </svg>
      </button>
      <h1>
        Items to replace
      </h1>
    </header>
    <main>
      <div
        class="scroll"
      >
        <div
          class="box"
        >
          <div>
            <h2>
              Trauma Chest Drain - Box 3
            </h2>
          </div>
          <div
            class="items"
          >
            <div
              class="item"
            >
              1 x Sterile gloves (Medium)
            </div>
            <div
              class="item"
            >
              1 x Sterile gloves (Large)
            </div>
            <div
              class="item"
            >
              1 x Chest drain catheter (28Fr)
            </div>
            <div
              class="item"
            >
              1 x Chest drain catheter (32Fr)
            </div>
            <div
              class="item"
            >
              2 x ChloraPrep applicator
            </div>
            <div
              class="item"
            >
              1 x Lidocaine 1% (5ml / 50mg)
            </div>
            <div
              class="item"
            >
              1 x Chest drain bottle
            </div>
            <div
              class="item"
            >
              1 x Chest drain tubing
            </div>
            <div
              class="item"
            >
              1 x Sterile water (H20) bottle (1000ml bottle)
            </div>
          </div>
        </div>
        <div
          class="box"
        >
          <div>
            <h2>
              Trauma Chest Drain - Box 4
            </h2>
          </div>
          <div
            class="items"
          >
            <div
              class="item"
            >
              1 x Blunt dissection chest drainage insertion pack (28Fg)
            </div>
            <div
              class="item"
            >
              1 x Sterile gloves (Small)
            </div>
            <div
              class="item"
            >
              1 x Sterile gloves (Medium)
            </div>
            <div
              class="item"
            >
              1 x Sterile gloves (Large)
            </div>
            <div
              class="item"
            >
              1 x Chest drain catheter (28Fr)
            </div>
            <div
              class="item"
            >
              1 x Chest drain catheter (32Fr)
            </div>
            <div
              class="item"
            >
              1 x Chest drain catheter (36Fr)
            </div>
            <div
              class="item"
            >
              2 x ChloraPrep applicator
            </div>
            <div
              class="item"
            >
              2 x Lidocaine 1% (5ml / 50mg)
            </div>
            <div
              class="item"
            >
              1 x Standard suture pack (Standard)
            </div>
            <div
              class="item"
            >
              1 x Mefix roll (5cm x 10m)
            </div>
            <div
              class="item"
            >
              1 x Chest drain bottle
            </div>
            <div
              class="item"
            >
              1 x Chest drain tubing
            </div>
            <div
              class="item"
            >
              1 x Sterile water (H20) bottle (1000ml bottle)
            </div>
            <div
              class="item"
            >
              1 x Spencer wells forceps (Straight 20cm)
            </div>
          </div>
        </div>
        <div
          class="box"
        >
          <div>
            <h2>
              Trauma Chest Drain - Box 5
            </h2>
          </div>
          <div
            class="items"
          >
            <div
              class="item"
            >
              1 x Blunt dissection chest drainage insertion pack (28Fg)
            </div>
            <div
              class="item"
            >
              1 x Sterile gloves (Small)
            </div>
            <div
              class="item"
            >
              1 x Sterile gloves (Medium)
            </div>
            <div
              class="item"
            >
              1 x Sterile gloves (Large)
            </div>
            <div
              class="item"
            >
              1 x Chest drain catheter (28Fr)
            </div>
            <div
              class="item"
            >
              1 x Chest drain catheter (32Fr)
            </div>
            <div
              class="item"
            >
              1 x Chest drain catheter (36Fr)
            </div>
            <div
              class="item"
            >
              2 x ChloraPrep applicator
            </div>
            <div
              class="item"
            >
              2 x Lidocaine 1% (5ml / 50mg)
            </div>
            <div
              class="item"
            >
              1 x Standard suture pack (Standard)
            </div>
            <div
              class="item"
            >
              1 x Mefix roll (5cm x 10m)
            </div>
            <div
              class="item"
            >
              1 x Chest drain bottle
            </div>
            <div
              class="item"
            >
              1 x Chest drain tubing
            </div>
            <div
              class="item"
            >
              1 x Sterile water (H20) bottle (1000ml bottle)
            </div>
            <div
              class="item"
            >
              1 x Spencer wells forceps (Straight 20cm)
            </div>
          </div>
        </div>
        <div
          class="box"
        >
          <div>
            <h2>
              Trauma Chest Drain - Box 6
            </h2>
          </div>
          <div
            class="items"
          >
            <div
              class="item"
            >
              1 x Blunt dissection chest drainage insertion pack (28Fg)
            </div>
            <div
              class="item"
            >
              1 x Sterile gloves (Small)
            </div>
            <div
              class="item"
            >
              1 x Sterile gloves (Medium)
            </div>
            <div
              class="item"
            >
              1 x Sterile gloves (Large)
            </div>
            <div
              class="item"
            >
              1 x Chest drain catheter (28Fr)
            </div>
            <div
              class="item"
            >
              1 x Chest drain catheter (32Fr)
            </div>
            <div
              class="item"
            >
              1 x Chest drain catheter (36Fr)
            </div>
            <div
              class="item"
            >
              2 x ChloraPrep applicator
            </div>
            <div
              class="item"
            >
              2 x Lidocaine 1% (5ml / 50mg)
            </div>
            <div
              class="item"
            >
              1 x Standard suture pack (Standard)
            </div>
            <div
              class="item"
            >
              1 x Mefix roll (5cm x 10m)
            </div>
            <div
              class="item"
            >
              1 x Chest drain bottle
            </div>
            <div
              class="item"
            >
              1 x Chest drain tubing
            </div>
            <div
              class="item"
            >
              1 x Sterile water (H20) bottle (1000ml bottle)
            </div>
            <div
              class="item"
            >
              1 x Spencer wells forceps (Straight 20cm)
            </div>
          </div>
        </div>
      </div>
    </main>
  </div>
</div>
`;
