// Jest Snapshot v1, https://goo.gl/fbAQLP

exports[`StorageArea renders a home page 1`] = `
<div>
  <div
    class="storage-area"
  >
    <header>
      <h1>
        Trauma Tower 1
      </h1>
    </header>
    <main>
      <div
        class="scroll"
      >
        <div
          class="box"
        >
          <div
            class="display-name"
          >
            Trauma Chest Drain
          </div>
          <div
            class="box-numbers"
          >
            <a
              class="box-number"
              href="/box/0/0/1"
            >
              1
            </a>
            <a
              class="box-number"
              href="/box/0/0/2"
            >
              2
            </a>
            <a
              class="box-number"
              href="/box/0/0/3"
            >
              3
            </a>
            <a
              class="box-number"
              href="/box/0/0/4"
            >
              4
            </a>
            <a
              class="box-number"
              href="/box/0/0/5"
            >
              5
            </a>
            <a
              class="box-number"
              href="/box/0/0/6"
            >
              6
            </a>
          </div>
        </div>
        <div
          class="box"
        >
          <div
            class="display-name"
          >
            Catastrophic Haemorrhage
          </div>
          <div
            class="box-numbers"
          >
            <a
              class="box-number"
              href="/box/0/1/1"
            >
              1
            </a>
            <a
              class="box-number"
              href="/box/0/1/2"
            >
              2
            </a>
            <a
              class="box-number"
              href="/box/0/1/3"
            >
              3
            </a>
          </div>
        </div>
        <div
          class="box"
        >
          <div
            class="display-name"
          >
            Max Fax Haemorrhage
          </div>
          <div
            class="box-numbers"
          >
            <a
              class="box-number"
              href="/box/0/2/1"
            >
              1
            </a>
            <a
              class="box-number"
              href="/box/0/2/2"
            >
              2
            </a>
            <a
              class="box-number"
              href="/box/0/2/3"
            >
              3
            </a>
          </div>
        </div>
      </div>
    </main>
    <footer>
      <nav>
        <a
          aria-label="directory"
          class="navicon"
          href="/"
        >
          <svg>
            home.svg
          </svg>
          <div>
            Directory
          </div>
        </a>
        <a
          aria-label="summary"
          class="navicon"
          href="/summary"
        >
          <svg>
            checklist.svg
          </svg>
          <div>
            Summary
          </div>
        </a>
        <div
          aria-label="log out"
          class="navicon"
          id="auth-signout"
        >
          <svg>
            logout.svg
          </svg>
          <div>
            Log Out
          </div>
        </div>
      </nav>
    </footer>
  </div>
</div>
`;
