// Jest Snapshot v1, https://goo.gl/fbAQLP

exports[`StorageAreaGroup renders a storage area group 1`] = `
<div>
  <div
    class="storage-area-group"
  >
    <header>
      <h1>
        Transfer Bags
      </h1>
      <button
        aria-label="back"
        class="back"
        type="button"
      >
        <svg>
          arrow-left.svg
        </svg>
      </button>
    </header>
    <main>
      <div
        class="scroll"
      >
        <a
          class="single-storage-area"
          href="/area/transfer-bag-1"
        >
          <svg>
            edit.svg
          </svg>
          <div
            class="display-name"
          >
            Transfer Bag 1
          </div>
        </a>
        <a
          class="single-storage-area"
          href="/area/transfer-bag-2"
        >
          <svg>
            edit.svg
          </svg>
          <div
            class="display-name"
          >
            Transfer Bag 2
          </div>
        </a>
        <a
          class="single-storage-area"
          href="/area/transfer-bag-3"
        >
          <svg>
            edit.svg
          </svg>
          <div
            class="display-name"
          >
            Transfer Bag 3
          </div>
        </a>
        <a
          class="single-storage-area"
          href="/area/transfer-bag-4"
        >
          <svg>
            edit.svg
          </svg>
          <div
            class="display-name"
          >
            Transfer Bag 4
          </div>
        </a>
        <a
          class="single-storage-area"
          href="/area/transfer-bag-5"
        >
          <svg>
            edit.svg
          </svg>
          <div
            class="display-name"
          >
            Transfer Bag 5
          </div>
        </a>
        <a
          class="single-storage-area"
          href="/area/transfer-bag-6"
        >
          <svg>
            edit.svg
          </svg>
          <div
            class="display-name"
          >
            Transfer Bag 6
          </div>
        </a>
      </div>
    </main>
    <footer>
      <nav>
        <a
          aria-label="directory"
          class="navicon"
          href="/"
        >
          <svg>
            home.svg
          </svg>
          <div>
            Directory
          </div>
        </a>
        <a
          aria-label="missing-items"
          class="navicon"
          href="/missing-items"
        >
          <svg>
            checklist.svg
          </svg>
          <div>
            Missing Items
          </div>
        </a>
        <div
          aria-label="log out"
          class="navicon"
          id="auth-signout"
        >
          <svg>
            logout.svg
          </svg>
          <div>
            Log Out
          </div>
        </div>
      </nav>
    </footer>
  </div>
</div>
`;
